// Jest Snapshot v1, https://goo.gl/fbAQLP

exports[`integration custom reference characters should match snapshot 1`] = `
"/**
 * Do not edit directly
 * Generated on Sat, 01 Jan 2000 00:00:00 GMT
 */

:root {
  --color-red: #ff0000;
  --color-error: #ff0000;
}
"
`;
